// Jest Snapshot v1, https://goo.gl/fbAQLP

exports[`Confirmation component should render the component 1`] = `
<div>
  <div
    class="confirm-checkmark"
  >
    âœ“
  </div>
  <div
    class="confirm-message"
  >
    Please verify your email address, you should have received an email from us already!
  </div>
</div>
`;
